<?xml version="1.0" encoding="UTF-8"?>
<testsuites name="jest tests" tests="2" failures="0" errors="0" time="2.196">
  <testsuite name="NavbarComponent" errors="0" failures="0" skipped="0" timestamp="2025-04-13T01:45:39" time="1.383" tests="1">
    <testcase classname="NavbarComponent should create" name="NavbarComponent should create" time="0.044">
    </testcase>
  </testsuite>
  <testsuite name="AppComponent" errors="0" failures="0" skipped="0" timestamp="2025-04-13T01:45:41" time="0.121" tests="1">
    <testcase classname="AppComponent should create the app" name="AppComponent should create the app" time="0.005">
    </testcase>
  </testsuite>
</testsuites>